[Bootstrap]
SetupTitle=Install
SetupText=Copying Files, please stand by.
CabFile=addressbook.CAB
Spawn=Setup1.exe
Uninstal=st6unst.exe
TmpDir=msftqws.pdw
Cabs=1

[Bootstrap Files]
File1=@VB6STKIT.DLL,$(WinSysPathSysFile),,,7/15/00 12:00:00 AM,101888,6.0.84.50
File2=@COMCAT.DLL,$(WinSysPathSysFile),$(DLLSelfRegister),,5/31/98 12:00:00 AM,22288,4.71.1460.1
File3=@STDOLE2.TLB,$(WinSysPathSysFile),$(TLBRegister),,6/3/99 12:00:00 AM,17920,2.40.4275.1
File4=@ASYCFILT.DLL,$(WinSysPathSysFile),,,3/8/99 12:00:00 AM,147728,2.40.4275.1
File5=@OLEPRO32.DLL,$(WinSysPathSysFile),$(DLLSelfRegister),,3/8/99 12:00:00 AM,164112,5.0.4275.1
File6=@OLEAUT32.DLL,$(WinSysPathSysFile),$(DLLSelfRegister),,4/12/00 12:00:00 AM,598288,2.40.4275.1
File7=@msvbvm60.dll,$(WinSysPathSysFile),$(DLLSelfRegister),,8/21/00 12:00:00 AM,1388544,6.0.89.64

[IconGroups]
Group0=Shaftesbury Contacts
PrivateGroup0=-1
Parent0=$(Programs)

[Shaftesbury Contacts]
Icon1="addressbook.exe"
Title1=Shaftesbury Contacts
StartIn1=$(AppPath)

[Setup]
Title=Shaftesbury Contacts
DefaultDir=$(ProgramFiles)\Contacts
AppExe=addressbook.exe
AppToUninstall=addressbook.exe

[Setup1 Files]
File1=@MDAC_TYP.EXE,$(AppPath),,,1/20/00 12:00:00 AM,7856352,25.0.4403.12
File2=@ActBar.ocx,$(WinSysPath),$(DLLSelfRegister),$(Shared),6/30/99 4:33:42 PM,340480,1.0.6.1
File3=@MSSTKPRP.DLL,$(WinSysPath),$(DLLSelfRegister),$(Shared),8/9/98 10:07:34 AM,94208,6.0.81.69
File4=@ocx.ocx,$(WinSysPath),$(DLLSelfRegister),$(Shared),3/12/02 3:37:10 PM,102400,1.0.0.0
File5=@MSSTDFMT.DLL,$(WinSysPath),$(DLLSelfRegister),$(Shared),7/15/00 12:00:00 AM,118784,6.0.88.4
File6=@MSDBRPTR.DLL,$(WinSysPath),$(DLLSelfRegister),$(Shared),7/15/00 12:00:00 AM,299008,6.0.88.4
File7=@MSO9.DLL,$(WinSysPath),,$(Shared),2/23/00 3:33:36 AM,5595185,9.0.0.3821
File8=@MSWORD9.OLB,$(WinSysPath),,$(Shared),3/17/99 10:42:02 PM,548864,9.0.0.2717
File9=@MSOUTL9.OLB,$(WinSysPath),,$(Shared),3/2/99 7:53:20 PM,163840,9.0.0.2702
File10=@msado21.tlb,$(WinSysPath),$(DLLSelfRegister),$(Shared),7/26/00 2:31:14 PM,61440,2.60.6526.0
File11=@actrpt.dll,$(WinSysPath),$(DLLSelfRegister),$(Shared),11/20/98 11:23:08 AM,875008,1.0.8.0
File12=@addressbook.dll,$(WinSysPath),$(DLLSelfRegister),$(Shared),3/12/02 3:34:56 PM,253952,1.0.0.0
File13=@MSCOMCT2.OCX,$(WinSysPath),$(DLLSelfRegister),$(Shared),5/22/00 12:00:00 AM,647872,6.0.88.4
File14=@MSCOMCTL.OCX,$(WinSysPath),$(DLLSelfRegister),$(Shared),5/22/00 12:00:00 AM,1066176,6.0.88.62
File15=@MSFLXGRD.OCX,$(WinSysPath),$(DLLSelfRegister),$(Shared),5/22/00 12:00:00 AM,244416,6.0.84.18
File16=@arviewer.ocx,$(WinSysPath),$(DLLSelfRegister),$(Shared),11/20/98 11:25:12 AM,265312,1.0.8.0
File17=@msvcrt.dll,$(WinSysPathSysFile),,,12/6/99 1:00:00 PM,295000,6.1.8637.0
File18=@scrrun.dll,$(WinSysPath),$(DLLSelfRegister),$(Shared),12/6/99 1:00:00 PM,147512,5.1.0.4615
File19=@addressbook.exe,$(AppPath),,,3/12/02 3:40:50 PM,1396736,1.0.0.0

; The following lines may be deleted in order to obtain extra 
; space for customizing this file on a full installation diskette.
; 
; XXXXXXXXXXXXXXXXXXXXXXXXXXXXXXXXXXXXXXXXXXXXXXXXXXXXXXXXXXXX
; XXXXXXXXXXXXXXXXXXXXXXXXXXXXXXXXXXXXXXXXXXXXXXXXXXXXXXXXXXXX
; XXXXXXXXXXXXXXXXXXXXXXXXXXXXXXXXXXXXXXXXXXXXXXXXXXXXXXXXXXXX
; XXXXXXXXXXXXXXXXXXXXXXXXXXXXXXXXXXXXXXXXXXXXXXXXXXXXXXXXXXXX
; XXXXXXXXXXXXXXXXXXXXXXXXXXXXXXXXXXXXXXXXXXXXXXXXXXXXXXXXXXXX
; XXXXXXXXXXXXXXXXXXXXXXXXXXXXXXXXXXXXXXXXXXXXXXXXXXXXXXXXXXXX
; XXXXXXXXXXXXXXXXXXXXXXXXXXXXXXXXXXXXXXXXXXXXXXXXXXXXXXXXXXXX
; XXXXXXXXXXXXXXXXXXXXXXXXXXXXXXXXXXXXXXXXXXXXXXXXXXXXXXXXXXXX
; XXXXXXXXXXXXXXXXXXXXXXXXXXXXXXXXXXXXXXXXXXXXXXXXXXXXXXXXXXXX
; XXXXXXXXXXXXXXXXXXXXXXXXXXXXXXXXXXXXXXXXXXXXXXXXXXXXXXXXXXXX
; XXXXXXXXXXXXXXXXXXXXXXXXXXXXXXXXXXXXXXXXXXXXXXXXXXXXXXXXXXXX
; XXXXXXXXXXXXXXXXXXXXXXXXXXXXXXXXXXXXXXXXXXXXXXXXXXXXXXXXXXXX
; XXXXXXXXXXXXXXXXXXXXXXXXXXXXXXXXXXXXXXXXXXXXXXXXXXXXXXXXXXXX
; XXXXXXXXXXXXXXXXXXXXXXXXXXXXXXXXXXXXXXXXXXXXXXXXXXXXXXXXXXXX
; XXXXXXXXXXXXXXXXXXXXXXXXXXXXXXXXXXXXXXXXXXXXXXXXXXXXXXXXXXXX
; XXXXXXXXXXXXXXXXXXXXXXXXXXXXXXXXXXXXXXXXXXXXXXXXXXXXXXXXXXXX
; XXXXXXXXXXXXXXXXXXXXXXXXXXXXXXXXXXXXXXXXXXXXXXXXXXXXXXXXXXXX
; XXXXXXXXXXXXXXXXXXXXXXXXXXXXXXXXXXXXXXXXXXXXXXXXXXXXXXXXXXXX
; XXXXXXXXXXXXXXXXXXXXXXXXXXXXXXXXXXXXXXXXXXXXXXXXXXXXXXXXXXXX
; XXXXXXXXXXXXXXXXXXXXXXXXXXXXXXXXXXXXXXXXXXXXXXXXXXXXXXXXXXXX
; XXXXXXXXXXXXXXXXXXXXXXXXXXXXXXXXXXXXXXXXXXXXXXXXXXXXXXXXXXXX
; XXXXXXXXXXXXXXXXXXXXXXXXXXXXXXXXXXXXXXXXXXXXXXXXXXXXXXXXXXXX
; XXXXXXXXXXXXXXXXXXXXXXXXXXXXXXXXXXXXXXXXXXXXXXXXXXXXXXXXXXXX
; XXXXXXXXXXXXXXXXXXXXXXXXXXXXXXXXXXXXXXXXXXXXXXXXXXXXXXXXXXXX
; XXXXXXXXXXXXXXXXXXXXXXXXXXXXXXXXXXXXXXXXXXXXXXXXXXXXXXXXXXXX
; XXXXXXXXXXXXXXXXXXXXXXXXXXXXXXXXXXXXXXXXXXXXXXXXXXXXXXXXXXXX
; XXXXXXXXXXXXXXXXXXXXXXXXXXXXXXXXXXXXXXXXXXXXXXXXXXXXXXXXXXXX
; XXXXXXXXXXXXXXXXXXXXXXXXXXXXXXXXXXXXXXXXXXXXXXXXXXXXXXXXXXXX
; XXXXXXXXXXXXXXXXXXXXXXXXXXXXXXXXXXXXXXXXXXXXXXXXXXXXXXXXXXXX
; XXXXXXXXXXXXXXXXXXXXXXXXXXXXXXXXXXXXXXXXXXXXXXXXXXXXXXXXXXXX
; XXXXXXXXXXXXXXXXXXXXXXXXXXXXXXXXXXXXXXXXXXXXXXXXXXXXXXXXXXXX
; XXXXXXXXXXXXXXXXXXXXXXXXXXXXXXXXXXXXXXXXXXXXXXXXXXXXXXXXXXXX
; XXXXXXXXXXXXXXXXXXXXXXXXXXXXXXXXXXXXXXXXXXXXXXXXXXXXXXXXXXXX
; XXXXXXXXXXXXXXXXXXXXXXXXXXXXXXXXXXXXXXXXXXXXXXXXXXXXXXXXXXXX
; XXXXXXXXXXXXXXXXXXXXXXXXXXXXXXXXXXXXXXXXXXXXXXXXXXXXXXXXXXXX
